// Jest Snapshot v1, https://goo.gl/fbAQLP

exports[`SearchControl should render properly 1`] = `
<div
  className="container"
>
  <input
    className="input"
    onChange={[Function]}
    placeholder="Search"
    value=""
  />
  <button
    className="button"
    onClick={[Function]}
  >
    search
  </button>
</div>
`;
