// Jest Snapshot v1, https://goo.gl/fbAQLP

exports[`Header should render properly 1`] = `
<Fragment>
  <header
    className="sectionHeader"
  >
    <Logo />
    <div
      className="container-global searchBlock"
    >
      <p
        className="title"
      >
        FIND YOUR MOVIE
      </p>
      <div
        className="searchControl"
      >
        <SearchControl />
      </div>
      <SortControl
        btn1Label="title"
        btn2Label="gengre"
        inputName="searchBy"
        title="search by"
      />
    </div>
  </header>
  <SortPanel />
</Fragment>
`;
